// Jest Snapshot v1, https://goo.gl/fbAQLP

exports[`renders homepage unchanged 1`] = `
<div
  className="css-h74a88"
>
  <div
    className="css-1cbrlsr"
  >
    <h2
      className="chakra-heading css-jmbq56"
    >
      Log in
    </h2>
    <input
      className="chakra-input css-h82jag"
      onBlur={[Function]}
      onFocus={[Function]}
      placeholder="email@epic.com"
      type="email"
    />
    <input
      className="chakra-input css-jmbq56"
      onBlur={[Function]}
      onFocus={[Function]}
      placeholder="******"
      type="password"
    />
    <button
      className="chakra-button css-1efjfw1"
      type="button"
    >
      Log in
    </button>
    <button
      className="chakra-button css-5c2176"
      type="button"
    >
      Toggle theme
    </button>
  </div>
</div>
`;
